Collecting pytest
  Using cached pytest-9.1.1-py3-none-any.whl.metadata (7.6 kB)
Collecting scikit-learn
  Using cached scikit_learn-1.9.0-cp311-cp311-win_amd64.whl.metadata (11 kB)
Collecting pandas
  Using cached pandas-3.0.5-cp311-cp311-win_amd64.whl.metadata (19 kB)
Collecting matplotlib
  Using cached matplotlib-3.11.1-cp311-cp311-win_amd64.whl.metadata (80 kB)
Collecting tensorflow
  Using cached tensorflow-2.21.0-cp311-cp311-win_amd64.whl.metadata (4.5 kB)
Collecting colorama>=0.4 (from pytest)
  Using cached colorama-0.4.6-py2.py3-none-any.whl.metadata (17 kB)
Collecting iniconfig>=1.0.1 (from pytest)
  Using cached iniconfig-2.3.0-py3-none-any.whl.metadata (2.5 kB)
Collecting packaging>=22 (from pytest)
  Using cached packaging-26.3-py3-none-any.whl.metadata (3.5 kB)
Collecting pluggy<2,>=1.5 (from pytest)
  Using cached pluggy-1.6.0-py3-none-any.whl.metadata (4.8 kB)
Collecting pygments>=2.7.2 (from pytest)
  Using cached pygments-2.21.0-py3-none-any.whl.metadata (2.5 kB)
Collecting numpy>=1.24.1 (from scikit-learn)
  Using cached numpy-2.4.6-cp311-cp311-win_amd64.whl.metadata (6.6 kB)
Collecting scipy>=1.10.0 (from scikit-learn)
  Using cached scipy-1.17.1-cp311-cp311-win_amd64.whl.metadata (60 kB)
Collecting joblib>=1.4.0 (from scikit-learn)
  Using cached joblib-1.5.3-py3-none-any.whl.metadata (5.5 kB)
Collecting narwhals>=2.0.1 (from scikit-learn)
  Using cached narwhals-2.25.0-py3-none-any.whl.metadata (15 kB)
Collecting threadpoolctl>=3.5.0 (from scikit-learn)
  Using cached threadpoolctl-3.6.0-py3-none-any.whl.metadata (13 kB)
Collecting python-dateutil>=2.8.2 (from pandas)
  Using cached python_dateutil-2.9.0.post0-py2.py3-none-any.whl.metadata (8.4 kB)
Collecting tzdata (from pandas)
  Using cached tzdata-2026.3-py2.py3-none-any.whl.metadata (1.4 kB)
Collecting contourpy>=1.0.1 (from matplotlib)
  Using cached contourpy-1.3.3-cp311-cp311-win_amd64.whl.metadata (5.5 kB)
Collecting cycler>=0.10 (from matplotlib)
  Using cached cycler-0.12.1-py3-none-any.whl.metadata (3.8 kB)
Collecting fonttools>=4.28.2 (from matplotlib)
  Using cached fonttools-4.63.0-cp311-cp311-win_amd64.whl.metadata (121 kB)
Collecting kiwisolver>=1.3.1 (from matplotlib)
  Using cached kiwisolver-1.5.1-cp311-cp311-win_amd64.whl.metadata (5.2 kB)
Collecting pillow>=9 (from matplotlib)
  Using cached pillow-12.3.0-cp311-cp311-win_amd64.whl.metadata (9.3 kB)
Collecting pyparsing>=3 (from matplotlib)
  Using cached pyparsing-3.3.2-py3-none-any.whl.metadata (5.8 kB)
Collecting absl-py>=1.0.0 (from tensorflow)
  Using cached absl_py-2.5.0-py3-none-any.whl.metadata (3.3 kB)
Collecting astunparse>=1.6.0 (from tensorflow)
  Using cached astunparse-1.6.3-py2.py3-none-any.whl.metadata (4.4 kB)
Collecting flatbuffers>=25.9.23 (from tensorflow)
  Using cached flatbuffers-25.12.19-py2.py3-none-any.whl.metadata (1.0 kB)
Collecting gast!=0.5.0,!=0.5.1,!=0.5.2,>=0.2.1 (from tensorflow)
  Using cached gast-0.7.0-py3-none-any.whl.metadata (1.5 kB)
Collecting google_pasta>=0.1.1 (from tensorflow)
  Using cached google_pasta-0.2.0-py3-none-any.whl.metadata (814 bytes)
Collecting libclang>=13.0.0 (from tensorflow)
  Using cached libclang-18.1.1-py2.py3-none-win_amd64.whl.metadata (5.3 kB)
Collecting opt_einsum>=2.3.2 (from tensorflow)
  Using cached opt_einsum-3.4.0-py3-none-any.whl.metadata (6.3 kB)
Collecting protobuf<8.0.0,>=6.31.1 (from tensorflow)
  Using cached protobuf-7.36.0-cp310-abi3-win_amd64.whl.metadata (595 bytes)
Collecting requests<3,>=2.21.0 (from tensorflow)
  Using cached requests-2.34.2-py3-none-any.whl.metadata (4.8 kB)
Requirement already satisfied: setuptools in .\.venv\Lib\site-packages (from tensorflow) (65.5.0)
Collecting six>=1.12.0 (from tensorflow)
  Using cached six-1.17.0-py2.py3-none-any.whl.metadata (1.7 kB)
Collecting termcolor>=1.1.0 (from tensorflow)
  Using cached termcolor-3.3.0-py3-none-any.whl.metadata (6.5 kB)
Collecting typing_extensions>=3.6.6 (from tensorflow)
  Using cached typing_extensions-4.16.0-py3-none-any.whl.metadata (3.3 kB)
Collecting wrapt>=1.11.0 (from tensorflow)
  Using cached wrapt-2.3.0-cp311-cp311-win_amd64.whl.metadata (7.6 kB)
Collecting grpcio<2.0,>=1.24.3 (from tensorflow)
  Using cached grpcio-1.83.1-cp311-cp311-win_amd64.whl.metadata (3.8 kB)
Collecting keras>=3.12.0 (from tensorflow)
  Using cached keras-3.15.1-py3-none-any.whl.metadata (6.4 kB)
Collecting h5py<3.15.0,>=3.11.0 (from tensorflow)
  Using cached h5py-3.14.0-cp311-cp311-win_amd64.whl.metadata (2.7 kB)
Collecting ml_dtypes<1.0.0,>=0.5.1 (from tensorflow)
  Using cached ml_dtypes-0.6.0-cp311-cp311-win_amd64.whl.metadata (8.8 kB)
Collecting charset_normalizer<4,>=2 (from requests<3,>=2.21.0->tensorflow)
  Using cached charset_normalizer-3.5.1-cp311-cp311-win_amd64.whl.metadata (46 kB)
Collecting idna<4,>=2.5 (from requests<3,>=2.21.0->tensorflow)
  Using cached idna-3.19-py3-none-any.whl.metadata (9.2 kB)
Collecting urllib3<3,>=1.26 (from requests<3,>=2.21.0->tensorflow)
  Using cached urllib3-2.7.0-py3-none-any.whl.metadata (6.9 kB)
Collecting certifi>=2023.5.7 (from requests<3,>=2.21.0->tensorflow)
  Using cached certifi-2026.7.22-py3-none-any.whl.metadata (2.5 kB)
Collecting wheel<1.0,>=0.23.0 (from astunparse>=1.6.0->tensorflow)
  Using cached wheel-0.48.0-py3-none-any.whl.metadata (2.3 kB)
Collecting rich (from keras>=3.12.0->tensorflow)
  Using cached rich-15.0.0-py3-none-any.whl.metadata (18 kB)
Collecting namex (from keras>=3.12.0->tensorflow)
  Using cached namex-0.1.0-py3-none-any.whl.metadata (322 bytes)
Collecting optree (from keras>=3.12.0->tensorflow)
  Using cached optree-0.20.0-cp311-cp311-win_amd64.whl.metadata (33 kB)
Collecting markdown-it-py>=2.2.0 (from rich->keras>=3.12.0->tensorflow)
  Using cached markdown_it_py-4.2.0-py3-none-any.whl.metadata (7.4 kB)
Collecting mdurl~=0.1 (from markdown-it-py>=2.2.0->rich->keras>=3.12.0->tensorflow)
  Using cached mdurl-0.1.2-py3-none-any.whl.metadata (1.6 kB)
Using cached pytest-9.1.1-py3-none-any.whl (386 kB)
Using cached pluggy-1.6.0-py3-none-any.whl (20 kB)
Using cached scikit_learn-1.9.0-cp311-cp311-win_amd64.whl (8.3 MB)
Using cached pandas-3.0.5-cp311-cp311-win_amd64.whl (10.0 MB)
Using cached matplotlib-3.11.1-cp311-cp311-win_amd64.whl (9.3 MB)
Downloading tensorflow-2.21.0-cp311-cp311-win_amd64.whl (350.8 MB)
   ---------------------------------------- 350.8/350.8 MB 3.7 MB/s  0:02:05
Downloading grpcio-1.83.1-cp311-cp311-win_amd64.whl (5.2 MB)
   ---------------------------------------- 5.2/5.2 MB 6.7 MB/s  0:00:00
Downloading h5py-3.14.0-cp311-cp311-win_amd64.whl (2.9 MB)
   ---------------------------------------- 2.9/2.9 MB 4.9 MB/s  0:00:00
Downloading ml_dtypes-0.6.0-cp311-cp311-win_amd64.whl (433 kB)
Downloading protobuf-7.36.0-cp310-abi3-win_amd64.whl (453 kB)
Using cached requests-2.34.2-py3-none-any.whl (73 kB)
Downloading charset_normalizer-3.5.1-cp311-cp311-win_amd64.whl (206 kB)
Using cached idna-3.19-py3-none-any.whl (68 kB)
Using cached typing_extensions-4.16.0-py3-none-any.whl (45 kB)
Using cached urllib3-2.7.0-py3-none-any.whl (131 kB)
Using cached absl_py-2.5.0-py3-none-any.whl (137 kB)
Downloading astunparse-1.6.3-py2.py3-none-any.whl (12 kB)
Using cached six-1.17.0-py2.py3-none-any.whl (11 kB)
Downloading wheel-0.48.0-py3-none-any.whl (33 kB)
Using cached certifi-2026.7.22-py3-none-any.whl (136 kB)
Using cached colorama-0.4.6-py2.py3-none-any.whl (25 kB)
Using cached contourpy-1.3.3-cp311-cp311-win_amd64.whl (225 kB)
Using cached cycler-0.12.1-py3-none-any.whl (8.3 kB)
Using cached flatbuffers-25.12.19-py2.py3-none-any.whl (26 kB)
Using cached fonttools-4.63.0-cp311-cp311-win_amd64.whl (2.4 MB)
Downloading gast-0.7.0-py3-none-any.whl (22 kB)
Downloading google_pasta-0.2.0-py3-none-any.whl (57 kB)
Using cached iniconfig-2.3.0-py3-none-any.whl (7.5 kB)
Using cached joblib-1.5.3-py3-none-any.whl (309 kB)
Downloading keras-3.15.1-py3-none-any.whl (2.4 MB)
   ---------------------------------------- 2.4/2.4 MB 4.6 MB/s  0:00:00
Downloading kiwisolver-1.5.1-cp311-cp311-win_amd64.whl (70 kB)
Downloading libclang-18.1.1-py2.py3-none-win_amd64.whl (26.4 MB)
   ---------------------------------------- 26.4/26.4 MB 5.0 MB/s  0:00:05
Downloading narwhals-2.25.0-py3-none-any.whl (467 kB)
Using cached numpy-2.4.6-cp311-cp311-win_amd64.whl (12.6 MB)
Using cached opt_einsum-3.4.0-py3-none-any.whl (71 kB)
Using cached packaging-26.3-py3-none-any.whl (129 kB)
Using cached pillow-12.3.0-cp311-cp311-win_amd64.whl (7.2 MB)
Downloading pygments-2.21.0-py3-none-any.whl (1.3 MB)
   ---------------------------------------- 1.3/1.3 MB 3.3 MB/s  0:00:00
Using cached pyparsing-3.3.2-py3-none-any.whl (122 kB)
Using cached python_dateutil-2.9.0.post0-py2.py3-none-any.whl (229 kB)
Using cached scipy-1.17.1-cp311-cp311-win_amd64.whl (36.6 MB)
Downloading termcolor-3.3.0-py3-none-any.whl (7.7 kB)
Using cached threadpoolctl-3.6.0-py3-none-any.whl (18 kB)
Downloading wrapt-2.3.0-cp311-cp311-win_amd64.whl (80 kB)
Downloading namex-0.1.0-py3-none-any.whl (5.9 kB)
Downloading optree-0.20.0-cp311-cp311-win_amd64.whl (560 kB)
   ---------------------------------------- 560.5/560.5 kB 2.7 MB/s  0:00:00
Using cached rich-15.0.0-py3-none-any.whl (310 kB)
Using cached markdown_it_py-4.2.0-py3-none-any.whl (91 kB)
Using cached mdurl-0.1.2-py3-none-any.whl (10.0 kB)
Using cached tzdata-2026.3-py2.py3-none-any.whl (348 kB)
Installing collected packages: namex, libclang, flatbuffers, wrapt, urllib3, tzdata, typing_extensions, threadpoolctl, termcolor, six, pyparsing, pygments, protobuf, pluggy, pillow, packaging, opt_einsum, numpy, narwhals, mdurl, kiwisolver, joblib, iniconfig, idna, gast, fonttools, cycler, colorama, charset_normalizer, certifi, absl-py, wheel, scipy, requests, python-dateutil, pytest, optree, ml_dtypes, markdown-it-py, h5py, grpcio, google_pasta, contourpy, scikit-learn, rich, pandas, matplotlib, astunparse, keras, tensorflow

Successfully installed absl-py-2.5.0 astunparse-1.6.3 certifi-2026.7.22 charset_normalizer-3.5.1 colorama-0.4.6 contourpy-1.3.3 cycler-0.12.1 flatbuffers-25.12.19 fonttools-4.63.0 gast-0.7.0 google_pasta-0.2.0 grpcio-1.83.1 h5py-3.14.0 idna-3.19 iniconfig-2.3.0 joblib-1.5.3 keras-3.15.1 kiwisolver-1.5.1 libclang-18.1.1 markdown-it-py-4.2.0 matplotlib-3.11.1 mdurl-0.1.2 ml_dtypes-0.6.0 namex-0.1.0 narwhals-2.25.0 numpy-2.4.6 opt_einsum-3.4.0 optree-0.20.0 packaging-26.3 pandas-3.0.5 pillow-12.3.0 pluggy-1.6.0 protobuf-7.36.0 pygments-2.21.0 pyparsing-3.3.2 pytest-9.1.1 python-dateutil-2.9.0.post0 requests-2.34.2 rich-15.0.0 scikit-learn-1.9.0 scipy-1.17.1 six-1.17.0 tensorflow-2.21.0 termcolor-3.3.0 threadpoolctl-3.6.0 typing_extensions-4.16.0 tzdata-2026.3 urllib3-2.7.0 wheel-0.48.0 wrapt-2.3.0
