Already up to date.
Already up to date.
$ git -C C:\Users\Admin\drone\.cache\audio-datasets\crema-d-mirror pull --ff-only
$ git -C C:\Users\Admin\drone\.cache\audio-datasets\ESC-50 pull --ff-only

Prepared dataset:
  distress        : 300
  normal_human    : 300
  background_noise: 300
Manifest: C:\Users\Admin\drone\dataset\manifest.csv
Raw datasets stay in .cache; generated dataset/ is ignored by git.
[1/900] distress         dataset\distress\asvp_88d52861f621.wav
[2/900] distress         dataset\distress\asvp_eba49bc929ff.wav
[3/900] distress         dataset\distress\asvp_d49598d7bf99.wav
[4/900] distress         dataset\distress\asvp_01d1ac1dc44b.wav
[5/900] distress         dataset\distress\asvp_46daa4cdada3.wav
[6/900] distress         dataset\distress\asvp_79b2de7625c7.wav
[7/900] distress         dataset\distress\asvp_46da8167e6c4.wav
[8/900] distress         dataset\distress\asvp_92b99b48c915.wav
[9/900] distress         dataset\distress\asvp_edb9bbf4d517.wav
[10/900] distress         dataset\distress\asvp_138714588cda.wav
[11/900] distress         dataset\distress\asvp_f8fb0be49e6f.wav
[12/900] distress         dataset\distress\asvp_95ce5950fc42.wav
[13/900] distress         dataset\distress\asvp_6b5ee66f820a.wav
[14/900] distress         dataset\distress\asvp_488ea376e3f2.wav
[15/900] distress         dataset\distress\asvp_774aecf1a7fa.wav
[16/900] distress         dataset\distress\asvp_f7d0ec19861a.wav
[17/900] distress         dataset\distress\asvp_0083b8a24299.wav
[18/900] distress         dataset\distress\asvp_7ff5622f9e72.wav
[19/900] distress         dataset\distress\asvp_888f181524c5.wav
[20/900] distress         dataset\distress\asvp_0525fd8a4fed.wav
[21/900] distress         dataset\distress\asvp_7aeb663ab445.wav
[22/900] distress         dataset\distress\asvp_5b2dc839d471.wav
[23/900] distress         dataset\distress\asvp_84c55fb7fd41.wav
[24/900] distress         dataset\distress\asvp_fd60464e8c7d.wav
[25/900] distress         dataset\distress\asvp_51a9b5d4f16c.wav
[26/900] distress         dataset\distress\asvp_dc74637230df.wav
[27/900] distress         dataset\distress\asvp_86de3b53acef.wav
[28/900] distress         dataset\distress\asvp_0b26a15e8620.wav
[29/900] distress         dataset\distress\asvp_84e6bc836dc6.wav
[30/900] distress         dataset\distress\asvp_32abd0d1e8e8.wav
[31/900] distress         dataset\distress\asvp_69d6c1e43068.wav
[32/900] distress         dataset\distress\asvp_24be040293a9.wav
[33/900] distress         dataset\distress\asvp_89948f269659.wav
[34/900] distress         dataset\distress\asvp_d5201c12625a.wav
[35/900] distress         dataset\distress\asvp_be7fd1e6e99b.wav
[36/900] distress         dataset\distress\asvp_d2fc641f6235.wav
[37/900] distress         dataset\distress\asvp_0ef2d99c5dc1.wav
[38/900] distress         dataset\distress\asvp_8b118185bbb7.wav
[39/900] distress         dataset\distress\asvp_ab9a5bd652f4.wav
[40/900] distress         dataset\distress\asvp_f607441f9f02.wav
[41/900] distress         dataset\distress\asvp_bd4cd1f8873f.wav
[42/900] distress         dataset\distress\asvp_4e497d4ee524.wav
[43/900] distress         dataset\distress\asvp_08b560382b69.wav
[44/900] distress         dataset\distress\asvp_e6586da044fc.wav
[45/900] distress         dataset\distress\asvp_818dc456021c.wav
[46/900] distress         dataset\distress\asvp_408b73a42f96.wav
[47/900] distress         dataset\distress\asvp_c797c7005900.wav
[48/900] distress         dataset\distress\asvp_3cb19f97320b.wav
[49/900] distress         dataset\distress\asvp_24f5fc771b67.wav
[50/900] distress         dataset\distress\asvp_9dfc15b14fd5.wav
[51/900] distress         dataset\distress\asvp_35117a5b0c90.wav
[52/900] distress         dataset\distress\asvp_d289b542d310.wav
[53/900] distress         dataset\distress\asvp_070280073624.wav
[54/900] distress         dataset\distress\asvp_05e0d402c181.wav
[55/900] distress         dataset\distress\asvp_637fcb50ea62.wav
[56/900] distress         dataset\distress\asvp_358cbd9591fc.wav
[57/900] distress         dataset\distress\asvp_53a23ad1b206.wav
[58/900] distress         dataset\distress\asvp_72fedd72dceb.wav
[59/900] distress         dataset\distress\asvp_882130f0834c.wav
[60/900] distress         dataset\distress\asvp_28afffd9b81e.wav
[61/900] distress         dataset\distress\asvp_059d166ced03.wav
[62/900] distress         dataset\distress\asvp_ca308bed6c3c.wav
[63/900] distress         dataset\distress\asvp_9b316aab3d66.wav
[64/900] distress         dataset\distress\asvp_64bb5c23ce49.wav
[65/900] distress         dataset\distress\asvp_20cb3b9fcb61.wav
[66/900] distress         dataset\distress\asvp_0bb04b696483.wav
[67/900] distress         dataset\distress\asvp_0d435513beab.wav
[68/900] distress         dataset\distress\asvp_257c90e9bb75.wav
[69/900] distress         dataset\distress\asvp_d72d668a0106.wav
[70/900] distress         dataset\distress\asvp_08f4d5f0fd39.wav
[71/900] distress         dataset\distress\asvp_96a1f6068f42.wav
[72/900] distress         dataset\distress\asvp_8d476f1b979d.wav
[73/900] distress         dataset\distress\asvp_a04e91bdb662.wav
[74/900] distress         dataset\distress\asvp_5f6dc0907c01.wav
[75/900] distress         dataset\distress\asvp_4409468bbfa9.wav
[76/900] distress         dataset\distress\asvp_cf2e053e4479.wav
[77/900] distress         dataset\distress\asvp_6f3990c53f7b.wav
[78/900] distress         dataset\distress\asvp_1aad6415d4a6.wav
[79/900] distress         dataset\distress\asvp_86be64542eca.wav
[80/900] distress         dataset\distress\asvp_466653fa72e9.wav
[81/900] distress         dataset\distress\asvp_c9361439dcbd.wav
[82/900] distress         dataset\distress\asvp_6cc9a37de44d.wav
[83/900] distress         dataset\distress\asvp_ac588e458d69.wav
[84/900] distress         dataset\distress\asvp_290fb89ecb91.wav
[85/900] distress         dataset\distress\asvp_0f120edcd903.wav
[86/900] distress         dataset\distress\asvp_4bc3102bc695.wav
[87/900] distress         dataset\distress\asvp_8da45c03dd8c.wav
[88/900] distress         dataset\distress\asvp_a4cd8c74e5be.wav
[89/900] distress         dataset\distress\asvp_46a96d0c7a65.wav
[90/900] distress         dataset\distress\asvp_4094b91ddc61.wav
[91/900] distress         dataset\distress\asvp_e40c3bc97149.wav
[92/900] distress         dataset\distress\asvp_0b47d5c9db36.wav
[93/900] distress         dataset\distress\asvp_d47125680168.wav
[94/900] distress         dataset\distress\asvp_28bd0beba904.wav
[95/900] distress         dataset\distress\asvp_823b4757b6fa.wav
[96/900] distress         dataset\distress\asvp_db482fbb7ff4.wav
[97/900] distress         dataset\distress\asvp_59d18183824d.wav
[98/900] distress         dataset\distress\asvp_9cac64a5e461.wav
[99/900] distress         dataset\distress\asvp_65b02842e513.wav
[100/900] distress         dataset\distress\asvp_9f990a579304.wav
[101/900] distress         dataset\distress\asvp_b51b86c56255.wav
[102/900] distress         dataset\distress\asvp_9b7a43714ebd.wav
[103/900] distress         dataset\distress\asvp_325a84de461c.wav
[104/900] distress         dataset\distress\asvp_252fd76f0f31.wav
[105/900] distress         dataset\distress\asvp_596763c4ca60.wav
[106/900] distress         dataset\distress\asvp_73860d27d2f7.wav
[107/900] distress         dataset\distress\asvp_9c637f304f53.wav
[108/900] distress         dataset\distress\asvp_b22d7819ec53.wav
[109/900] distress         dataset\distress\asvp_cb46618d54c9.wav
[110/900] distress         dataset\distress\asvp_ce720b249226.wav
[111/900] distress         dataset\distress\asvp_5de950ccf7ed.wav
[112/900] distress         dataset\distress\asvp_42569d78a56c.wav
[113/900] distress         dataset\distress\asvp_34b754b7d572.wav
[114/900] distress         dataset\distress\asvp_c77b6697b2bc.wav
[115/900] distress         dataset\distress\asvp_3498a227e3e8.wav
[116/900] distress         dataset\distress\asvp_de13e2b65089.wav
[117/900] distress         dataset\distress\asvp_80b64f205e1b.wav
[118/900] distress         dataset\distress\asvp_e1161667d007.wav
[119/900] distress         dataset\distress\asvp_16f3e093966f.wav
[120/900] distress         dataset\distress\asvp_ff19d56083cd.wav
[121/900] distress         dataset\distress\asvp_a4aa6bd1b699.wav
[122/900] distress         dataset\distress\asvp_e812819abaa0.wav
[123/900] distress         dataset\distress\asvp_26cc7faa7a12.wav
[124/900] distress         dataset\distress\asvp_a84787c05476.wav
[125/900] distress         dataset\distress\asvp_193efc4cf450.wav
[126/900] distress         dataset\distress\asvp_42d1962fdb4b.wav
[127/900] distress         dataset\distress\asvp_5b49430aa383.wav
[128/900] distress         dataset\distress\asvp_8d3a699fcb68.wav
[129/900] distress         dataset\distress\asvp_1aed15018909.wav
[130/900] distress         dataset\distress\asvp_62cddd63f8df.wav
[131/900] distress         dataset\distress\asvp_d9e080026457.wav
[132/900] distress         dataset\distress\asvp_c52aa81e7b34.wav
[133/900] distress         dataset\distress\asvp_6fe837464b5a.wav
[134/900] distress         dataset\distress\asvp_d64df450d4c6.wav
[135/900] distress         dataset\distress\asvp_d51dbd1816a3.wav
[136/900] distress         dataset\distress\asvp_8ab21190b6fd.wav
[137/900] distress         dataset\distress\asvp_a34f599c7792.wav
[138/900] distress         dataset\distress\asvp_7cfd0964c7bc.wav
[139/900] distress         dataset\distress\asvp_282fd566ba05.wav
[140/900] distress         dataset\distress\asvp_cc0218d09d5d.wav
[141/900] distress         dataset\distress\asvp_5ef2fbfeb24b.wav
[142/900] distress         dataset\distress\asvp_c49ee1b491c5.wav
[143/900] distress         dataset\distress\asvp_b416b6848e6a.wav
[144/900] distress         dataset\distress\asvp_608fd7353d05.wav
[145/900] distress         dataset\distress\asvp_44136bf9612a.wav
[146/900] distress         dataset\distress\asvp_d3d608f0de34.wav
[147/900] distress         dataset\distress\asvp_b92a7b9f4d1b.wav
[148/900] distress         dataset\distress\asvp_9834395b111e.wav
[149/900] distress         dataset\distress\asvp_1ee66bdafc44.wav
[150/900] distress         dataset\distress\asvp_a8ac52d2687a.wav
[151/900] distress         dataset\distress\asvp_6df2f1dbbc49.wav
[152/900] distress         dataset\distress\asvp_bf1fdc8a2614.wav
[153/900] distress         dataset\distress\asvp_688703a6996a.wav
[154/900] distress         dataset\distress\asvp_2fb31e5133e4.wav
[155/900] distress         dataset\distress\asvp_3d5ad55a0d2d.wav
[156/900] distress         dataset\distress\asvp_57dd178db73a.wav
[157/900] distress         dataset\distress\asvp_f723bedb398d.wav
[158/900] distress         dataset\distress\asvp_4c349ae8a819.wav
[159/900] distress         dataset\distress\asvp_fe6f36706641.wav
[160/900] distress         dataset\distress\asvp_90c354e52aea.wav
[161/900] distress         dataset\distress\asvp_be3b07e67f7d.wav
[162/900] distress         dataset\distress\asvp_9d40a915ca1e.wav
[163/900] distress         dataset\distress\asvp_83dcaa55f69c.wav
[164/900] distress         dataset\distress\asvp_cc51eba53500.wav
[165/900] distress         dataset\distress\asvp_7eda76ba89f5.wav
[166/900] distress         dataset\distress\asvp_5789ddc09889.wav
[167/900] distress         dataset\distress\asvp_3f7975ee5a04.wav
[168/900] distress         dataset\distress\asvp_212092849f99.wav
[169/900] distress         dataset\distress\asvp_010c885e38fb.wav
[170/900] distress         dataset\distress\asvp_2c257f62c4ca.wav
[171/900] distress         dataset\distress\asvp_0464c44c8a40.wav
[172/900] distress         dataset\distress\asvp_b57d60ee8c3a.wav
[173/900] distress         dataset\distress\asvp_16df456906ff.wav
[174/900] distress         dataset\distress\asvp_efac366dd167.wav
[175/900] distress         dataset\distress\asvp_341734340689.wav
[176/900] distress         dataset\distress\asvp_2a8976228636.wav
[177/900] distress         dataset\distress\asvp_e7109cf564e4.wav
[178/900] distress         dataset\distress\asvp_2753befc8820.wav
[179/900] distress         dataset\distress\asvp_7971aade5a78.wav
[180/900] distress         dataset\distress\asvp_5890b799d920.wav
[181/900] distress         dataset\distress\asvp_4ff6f8201a41.wav
[182/900] distress         dataset\distress\asvp_7083921d3cbc.wav
[183/900] distress         dataset\distress\asvp_45ac13c46941.wav
[184/900] distress         dataset\distress\asvp_9d001cafd159.wav
[185/900] distress         dataset\distress\asvp_969df755a2e4.wav
[186/900] distress         dataset\distress\asvp_8336afe649ca.wav
[187/900] distress         dataset\distress\asvp_6065e1775637.wav
[188/900] distress         dataset\distress\asvp_0242297ec458.wav
[189/900] distress         dataset\distress\asvp_e6fb9344dc56.wav
[190/900] distress         dataset\distress\asvp_ad30c4cd737f.wav
[191/900] distress         dataset\distress\asvp_f59628711037.wav
[192/900] distress         dataset\distress\asvp_f68032c3af25.wav
[193/900] distress         dataset\distress\asvp_2aa9a4591d5b.wav
[194/900] distress         dataset\distress\asvp_1308a15e2415.wav
[195/900] distress         dataset\distress\asvp_63b857aab34a.wav
[196/900] distress         dataset\distress\asvp_f06085184c07.wav
[197/900] distress         dataset\distress\asvp_6408d664d346.wav
[198/900] distress         dataset\distress\asvp_877481535da6.wav
[199/900] distress         dataset\distress\asvp_64f6907c388c.wav
[200/900] distress         dataset\distress\asvp_d629cb32f85d.wav
[201/900] distress         dataset\distress\asvp_ae99b8091705.wav
[202/900] distress         dataset\distress\asvp_9459e92d2dc6.wav
[203/900] distress         dataset\distress\asvp_e6a7b73e0394.wav
[204/900] distress         dataset\distress\asvp_38c3305caa67.wav
[205/900] distress         dataset\distress\asvp_5eba63d9b11e.wav
[206/900] distress         dataset\distress\asvp_c70e512c446f.wav
[207/900] distress         dataset\distress\asvp_413f8b92c55e.wav
[208/900] distress         dataset\distress\asvp_4028cbc3033c.wav
[209/900] distress         dataset\distress\asvp_a297a55765be.wav
[210/900] distress         dataset\distress\asvp_f27d9bdd127e.wav
[211/900] distress         dataset\distress\asvp_c48053dc2bf5.wav
[212/900] distress         dataset\distress\asvp_783659ec1379.wav
[213/900] distress         dataset\distress\asvp_9f9c7c1dfd1f.wav
[214/900] distress         dataset\distress\asvp_ba40a626d6a4.wav
[215/900] distress         dataset\distress\asvp_c7fbb208bd19.wav
[216/900] distress         dataset\distress\asvp_6491c62c9b8e.wav
[217/900] distress         dataset\distress\asvp_8774f2cd5ed4.wav
[218/900] distress         dataset\distress\asvp_28e74957da00.wav
[219/900] distress         dataset\distress\asvp_b509eb2b6c50.wav
[220/900] distress         dataset\distress\asvp_4265cbd3d0a7.wav
[221/900] distress         dataset\distress\asvp_54652eea915c.wav
[222/900] distress         dataset\distress\asvp_456601d8ddae.wav
[223/900] distress         dataset\distress\asvp_6a10550dbb7c.wav
[224/900] distress         dataset\distress\asvp_cf2876ad5ab7.wav
[225/900] distress         dataset\distress\asvp_8ffc319171a3.wav
[226/900] distress         dataset\distress\asvp_fef8bf2d77e1.wav
[227/900] distress         dataset\distress\asvp_3b31bed25dbb.wav
[228/900] distress         dataset\distress\asvp_e2d5002dbd44.wav
[229/900] distress         dataset\distress\asvp_3e02acebf29a.wav
[230/900] distress         dataset\distress\asvp_b288e537c212.wav
[231/900] distress         dataset\distress\asvp_a60b157d7ce8.wav
[232/900] distress         dataset\distress\asvp_c865a2e1cfe0.wav
[233/900] distress         dataset\distress\asvp_64e05f520d37.wav
[234/900] distress         dataset\distress\asvp_ea298fb46eee.wav
[235/900] distress         dataset\distress\asvp_89182cd8558d.wav
[236/900] distress         dataset\distress\asvp_81cb2598eb78.wav
[237/900] distress         dataset\distress\asvp_e9510404e48b.wav
[238/900] distress         dataset\distress\asvp_992446ad0430.wav
[239/900] distress         dataset\distress\asvp_c84f1acf3198.wav
[240/900] distress         dataset\distress\asvp_f86a06903b3f.wav
[241/900] distress         dataset\distress\asvp_83b2d5da2a66.wav
[242/900] distress         dataset\distress\asvp_1093759d4d6b.wav
[243/900] distress         dataset\distress\asvp_f9a8df7adea9.wav
[244/900] distress         dataset\distress\asvp_433c93fcc314.wav
[245/900] distress         dataset\distress\asvp_172528480739.wav
[246/900] distress         dataset\distress\asvp_edd852708da7.wav
[247/900] distress         dataset\distress\asvp_a86d982cff44.wav
[248/900] distress         dataset\distress\asvp_14bab6411562.wav
[249/900] distress         dataset\distress\asvp_390996f298d2.wav
[250/900] distress         dataset\distress\asvp_7add25370aa0.wav
[251/900] distress         dataset\distress\asvp_85abb1c257a2.wav
[252/900] distress         dataset\distress\asvp_0423374011bc.wav
[253/900] distress         dataset\distress\asvp_5f5d2e1439a0.wav
[254/900] distress         dataset\distress\asvp_f365415aa791.wav
[255/900] distress         dataset\distress\asvp_11394e735d09.wav
[256/900] distress         dataset\distress\asvp_1e140418f0c7.wav
[257/900] distress         dataset\distress\asvp_032fd93abfb5.wav
[258/900] distress         dataset\distress\asvp_ca246817d27a.wav
[259/900] distress         dataset\distress\asvp_fd399d441ca5.wav
[260/900] distress         dataset\distress\asvp_f4f80800ff70.wav
[261/900] distress         dataset\distress\asvp_4644754f4fe6.wav
[262/900] distress         dataset\distress\asvp_7e9028e938ad.wav
[263/900] distress         dataset\distress\asvp_1b49f625191d.wav
[264/900] distress         dataset\distress\asvp_f6d107e3135d.wav
[265/900] distress         dataset\distress\asvp_f3bd877120d2.wav
[266/900] distress         dataset\distress\asvp_cef1e70eab93.wav
[267/900] distress         dataset\distress\asvp_16569995f3ee.wav
[268/900] distress         dataset\distress\asvp_30b6f7dc8347.wav
[269/900] distress         dataset\distress\asvp_2bcc1a5582e8.wav
[270/900] distress         dataset\distress\asvp_d258bb6f2056.wav
[271/900] distress         dataset\distress\asvp_bcdf3f6cc648.wav
[272/900] distress         dataset\distress\asvp_bcb36ebcf77b.wav
[273/900] distress         dataset\distress\asvp_36f2529e777c.wav
[274/900] distress         dataset\distress\asvp_283b13fb0d68.wav
[275/900] distress         dataset\distress\asvp_427838713803.wav
[276/900] distress         dataset\distress\asvp_0b2757e10f76.wav
[277/900] distress         dataset\distress\asvp_3fc0bf468aed.wav
[278/900] distress         dataset\distress\asvp_ef46ec1a958b.wav
[279/900] distress         dataset\distress\asvp_3a8ddf873ad7.wav
[280/900] distress         dataset\distress\asvp_7d612ea64e63.wav
[281/900] distress         dataset\distress\asvp_f8b991ef8f8b.wav
[282/900] distress         dataset\distress\asvp_cea8dccc79a0.wav
[283/900] distress         dataset\distress\asvp_29386c1c8c91.wav
[284/900] distress         dataset\distress\asvp_f7ab681e0d5f.wav
[285/900] distress         dataset\distress\asvp_032fd908d340.wav
[286/900] distress         dataset\distress\asvp_47926862d6ba.wav
[287/900] distress         dataset\distress\asvp_0834bd71bd0f.wav
[288/900] distress         dataset\distress\asvp_159d766bc72f.wav
[289/900] distress         dataset\distress\asvp_79c8566d45f9.wav
[290/900] distress         dataset\distress\asvp_444a8e31cfd0.wav
[291/900] distress         dataset\distress\asvp_c2a6c033b49d.wav
[292/900] distress         dataset\distress\asvp_6f0b27a9717e.wav
[293/900] distress         dataset\distress\asvp_edb786e14f7a.wav
[294/900] distress         dataset\distress\asvp_71354cd01bff.wav
[295/900] distress         dataset\distress\asvp_dfbc8c7091f0.wav
[296/900] distress         dataset\distress\asvp_f84033d75eb8.wav
[297/900] distress         dataset\distress\asvp_ca387fe89ac5.wav
[298/900] distress         dataset\distress\asvp_142026a55215.wav
[299/900] distress         dataset\distress\asvp_66c27fb1286b.wav
[300/900] distress         dataset\distress\asvp_ec58d6bba7a2.wav
[301/900] normal_human     dataset\normal\cremad_ba7460bc5fd4.wav
[302/900] normal_human     dataset\normal\cremad_2b4926e3af66.wav
[303/900] normal_human     dataset\normal\cremad_5733606c731f.wav
[304/900] normal_human     dataset\normal\cremad_6b382d83f620.wav
[305/900] normal_human     dataset\normal\cremad_6eb3f963e735.wav
[306/900] normal_human     dataset\normal\cremad_1a24a886816c.wav
[307/900] normal_human     dataset\normal\cremad_ed63dedbeaae.wav
[308/900] normal_human     dataset\normal\cremad_d5a3fd428a91.wav
[309/900] normal_human     dataset\normal\cremad_f356d011e439.wav
[310/900] normal_human     dataset\normal\cremad_6bf96c2975ce.wav
[311/900] normal_human     dataset\normal\cremad_7e767280e45d.wav
[312/900] normal_human     dataset\normal\cremad_3d8f65150a23.wav
[313/900] normal_human     dataset\normal\cremad_789beba21c76.wav
[314/900] normal_human     dataset\normal\cremad_d08c6bff73a3.wav
[315/900] normal_human     dataset\normal\cremad_09c16f8650f8.wav
[316/900] normal_human     dataset\normal\cremad_c9b848b951e4.wav
[317/900] normal_human     dataset\normal\cremad_1a91f95ec79d.wav
[318/900] normal_human     dataset\normal\cremad_0b6d395899d1.wav
[319/900] normal_human     dataset\normal\cremad_08e0884df449.wav
[320/900] normal_human     dataset\normal\cremad_72dd7a8edee2.wav
[321/900] normal_human     dataset\normal\cremad_66b99959892d.wav
[322/900] normal_human     dataset\normal\cremad_2a7156f48ce2.wav
[323/900] normal_human     dataset\normal\cremad_ec3af1866774.wav
[324/900] normal_human     dataset\normal\cremad_01c6e8b5f25e.wav
[325/900] normal_human     dataset\normal\cremad_576c790784de.wav
[326/900] normal_human     dataset\normal\cremad_396a66efcb7b.wav
[327/900] normal_human     dataset\normal\cremad_2db7a0b0c210.wav
[328/900] normal_human     dataset\normal\cremad_eba85caadaf7.wav
[329/900] normal_human     dataset\normal\cremad_55c28f177229.wav
[330/900] normal_human     dataset\normal\cremad_a155dd10e416.wav
[331/900] normal_human     dataset\normal\cremad_ef04c8f554a1.wav
[332/900] normal_human     dataset\normal\cremad_7660eb11b6f8.wav
[333/900] normal_human     dataset\normal\cremad_a155482d28d9.wav
[334/900] normal_human     dataset\normal\cremad_c0b5c6e70d33.wav
[335/900] normal_human     dataset\normal\cremad_63a4b9c45100.wav
[336/900] normal_human     dataset\normal\cremad_2ca6a7b20008.wav
[337/900] normal_human     dataset\normal\cremad_d22fa4cfbd06.wav
[338/900] normal_human     dataset\normal\cremad_bc6822a3ab86.wav
[339/900] normal_human     dataset\normal\cremad_8ca5c49906ca.wav
[340/900] normal_human     dataset\normal\cremad_b433e5349118.wav
[341/900] normal_human     dataset\normal\cremad_c86af7fbfc52.wav
[342/900] normal_human     dataset\normal\cremad_3ce70e559db3.wav
[343/900] normal_human     dataset\normal\cremad_12407014cfee.wav
[344/900] normal_human     dataset\normal\cremad_73b7c7203bd1.wav
[345/900] normal_human     dataset\normal\cremad_dfe9cc5209e2.wav
[346/900] normal_human     dataset\normal\cremad_327592fb85d2.wav
[347/900] normal_human     dataset\normal\cremad_c0d7acb426c3.wav
[348/900] normal_human     dataset\normal\cremad_f9a7609edf25.wav
[349/900] normal_human     dataset\normal\cremad_b8c340bb30d3.wav
[350/900] normal_human     dataset\normal\cremad_0ba0bc73534e.wav
[351/900] normal_human     dataset\normal\cremad_f4393b2a8262.wav
[352/900] normal_human     dataset\normal\cremad_feea7237c45b.wav
[353/900] normal_human     dataset\normal\cremad_1e1516f79c02.wav
[354/900] normal_human     dataset\normal\cremad_5a106ff31ef7.wav
[355/900] normal_human     dataset\normal\cremad_a53a25da258d.wav
[356/900] normal_human     dataset\normal\cremad_997391993225.wav
[357/900] normal_human     dataset\normal\cremad_80d0812ede1d.wav
[358/900] normal_human     dataset\normal\cremad_ff5029dd7a0e.wav
[359/900] normal_human     dataset\normal\cremad_590bf6fab411.wav
[360/900] normal_human     dataset\normal\cremad_db797a7ea0e7.wav
[361/900] normal_human     dataset\normal\cremad_62d22dc17ba7.wav
[362/900] normal_human     dataset\normal\cremad_6e5b339339da.wav
[363/900] normal_human     dataset\normal\cremad_785755298a51.wav
[364/900] normal_human     dataset\normal\cremad_0c2bfc0931a0.wav
[365/900] normal_human     dataset\normal\cremad_508f0dca1e57.wav
[366/900] normal_human     dataset\normal\cremad_d77d33316e66.wav
[367/900] normal_human     dataset\normal\cremad_928786923c6c.wav
[368/900] normal_human     dataset\normal\cremad_e29bff40319f.wav
[369/900] normal_human     dataset\normal\cremad_a5a14ff19e6b.wav
[370/900] normal_human     dataset\normal\cremad_202d06003bd0.wav
[371/900] normal_human     dataset\normal\cremad_e282f49f422b.wav
[372/900] normal_human     dataset\normal\cremad_2f75af71115a.wav
[373/900] normal_human     dataset\normal\cremad_4dc034ff069e.wav
[374/900] normal_human     dataset\normal\cremad_147fa5d68d3e.wav
[375/900] normal_human     dataset\normal\cremad_d7bf4416f4f9.wav
[376/900] normal_human     dataset\normal\cremad_ca2de0fc2cf3.wav
[377/900] normal_human     dataset\normal\cremad_51cd34111492.wav
[378/900] normal_human     dataset\normal\cremad_715c7064b2fc.wav
[379/900] normal_human     dataset\normal\cremad_88ed442e800f.wav
[380/900] normal_human     dataset\normal\cremad_2bba811b7c53.wav
[381/900] normal_human     dataset\normal\cremad_13936a4cb3b0.wav
[382/900] normal_human     dataset\normal\cremad_61548fe889a9.wav
[383/900] normal_human     dataset\normal\cremad_af38612e24a1.wav
[384/900] normal_human     dataset\normal\cremad_5f2eb5d74e8b.wav
[385/900] normal_human     dataset\normal\cremad_8fdacbd44ff8.wav
[386/900] normal_human     dataset\normal\cremad_3251b70e24d7.wav
[387/900] normal_human     dataset\normal\cremad_55c9c9000325.wav
[388/900] normal_human     dataset\normal\cremad_f0d4348fc7fb.wav
[389/900] normal_human     dataset\normal\cremad_6de713c6846d.wav
[390/900] normal_human     dataset\normal\cremad_eaba21695eb2.wav
[391/900] normal_human     dataset\normal\cremad_5a99cea65832.wav
[392/900] normal_human     dataset\normal\cremad_a4608265fd8a.wav
[393/900] normal_human     dataset\normal\cremad_b4bd6590caa4.wav
[394/900] normal_human     dataset\normal\cremad_40b9d24bd538.wav
[395/900] normal_human     dataset\normal\cremad_dafefc6fdc6c.wav
[396/900] normal_human     dataset\normal\cremad_de619a693725.wav
[397/900] normal_human     dataset\normal\cremad_6ce88ea9133f.wav
[398/900] normal_human     dataset\normal\cremad_541acffde644.wav
[399/900] normal_human     dataset\normal\cremad_2c649be5f0a1.wav
[400/900] normal_human     dataset\normal\cremad_b3a8308ddc24.wav
[401/900] normal_human     dataset\normal\cremad_c92dec7fa8e0.wav
[402/900] normal_human     dataset\normal\cremad_817955a6d831.wav
[403/900] normal_human     dataset\normal\cremad_eacce5212039.wav
[404/900] normal_human     dataset\normal\cremad_6bebee6042e0.wav
[405/900] normal_human     dataset\normal\cremad_ce0f2c44412b.wav
[406/900] normal_human     dataset\normal\cremad_7ad41ba5bf34.wav
[407/900] normal_human     dataset\normal\cremad_aca5e352f56e.wav
[408/900] normal_human     dataset\normal\cremad_25867d53c7fe.wav
[409/900] normal_human     dataset\normal\cremad_9195e8dd334e.wav
[410/900] normal_human     dataset\normal\cremad_a2780aec36ab.wav
[411/900] normal_human     dataset\normal\cremad_a0240a13901f.wav
[412/900] normal_human     dataset\normal\cremad_9f104df9f742.wav
[413/900] normal_human     dataset\normal\cremad_7c22b808ed47.wav
[414/900] normal_human     dataset\normal\cremad_d16e00699a49.wav
[415/900] normal_human     dataset\normal\cremad_1d18abb4e6c2.wav
[416/900] normal_human     dataset\normal\cremad_7ccc73c7a67d.wav
[417/900] normal_human     dataset\normal\cremad_8926207b07cf.wav
[418/900] normal_human     dataset\normal\cremad_e335a4f4ea79.wav
[419/900] normal_human     dataset\normal\cremad_13f2ef8f47ff.wav
[420/900] normal_human     dataset\normal\cremad_8fd0adb03fff.wav
[421/900] normal_human     dataset\normal\cremad_728fe8437d60.wav
[422/900] normal_human     dataset\normal\cremad_d1ccde9b1928.wav
[423/900] normal_human     dataset\normal\cremad_ddade62445ad.wav
[424/900] normal_human     dataset\normal\cremad_2c0e3a6fe1e9.wav
[425/900] normal_human     dataset\normal\cremad_1215bc0d065c.wav
[426/900] normal_human     dataset\normal\cremad_2d57909356f5.wav
[427/900] normal_human     dataset\normal\cremad_5fd66fdf0823.wav
[428/900] normal_human     dataset\normal\cremad_03202f6daa22.wav
[429/900] normal_human     dataset\normal\cremad_ae043023c6d1.wav
[430/900] normal_human     dataset\normal\cremad_9f5ebbb4403f.wav
[431/900] normal_human     dataset\normal\cremad_13b65a422199.wav
[432/900] normal_human     dataset\normal\cremad_bd2d1e6068e9.wav
[433/900] normal_human     dataset\normal\cremad_2d0a02f5b56c.wav
[434/900] normal_human     dataset\normal\cremad_f427cbf7d624.wav
[435/900] normal_human     dataset\normal\cremad_7edf3c0255cb.wav
[436/900] normal_human     dataset\normal\cremad_7d7f4742804a.wav
[437/900] normal_human     dataset\normal\cremad_ca09f168e547.wav
[438/900] normal_human     dataset\normal\cremad_3ea0c180583e.wav
[439/900] normal_human     dataset\normal\cremad_d5a01482bcdc.wav
[440/900] normal_human     dataset\normal\cremad_9f390e15a5bc.wav
[441/900] normal_human     dataset\normal\cremad_1625f3681aa1.wav
[442/900] normal_human     dataset\normal\cremad_67f6abd8512a.wav
[443/900] normal_human     dataset\normal\cremad_7ae16d2bae58.wav
[444/900] normal_human     dataset\normal\cremad_baab923be569.wav
[445/900] normal_human     dataset\normal\cremad_f1750e9ab8be.wav
[446/900] normal_human     dataset\normal\cremad_5bb1b2443435.wav
[447/900] normal_human     dataset\normal\cremad_c76f58de5bd2.wav
[448/900] normal_human     dataset\normal\cremad_7d63e31c04b1.wav
[449/900] normal_human     dataset\normal\cremad_46b6c0cd1826.wav
[450/900] normal_human     dataset\normal\cremad_ac0d2b4a36be.wav
[451/900] normal_human     dataset\normal\cremad_c082f0c6c2d3.wav
[452/900] normal_human     dataset\normal\cremad_64ec734f03f8.wav
[453/900] normal_human     dataset\normal\cremad_6f156c833122.wav
[454/900] normal_human     dataset\normal\cremad_6385b5815adc.wav
[455/900] normal_human     dataset\normal\cremad_77def60c9fa7.wav
[456/900] normal_human     dataset\normal\cremad_015e0babc62a.wav
[457/900] normal_human     dataset\normal\cremad_2d7b9db25224.wav
[458/900] normal_human     dataset\normal\cremad_4b1dc0b602cb.wav
[459/900] normal_human     dataset\normal\cremad_03cf9ae14e53.wav
[460/900] normal_human     dataset\normal\cremad_7fc3c70d7bef.wav
[461/900] normal_human     dataset\normal\cremad_80e178a07488.wav
[462/900] normal_human     dataset\normal\cremad_cb6420e0e52f.wav
[463/900] normal_human     dataset\normal\cremad_21a0bb243ee2.wav
[464/900] normal_human     dataset\normal\cremad_b6b8d46b94bc.wav
[465/900] normal_human     dataset\normal\cremad_1935b134ef37.wav
[466/900] normal_human     dataset\normal\cremad_7368644591a1.wav
[467/900] normal_human     dataset\normal\cremad_ee4134656e86.wav
[468/900] normal_human     dataset\normal\cremad_66e5acbaaaa0.wav
[469/900] normal_human     dataset\normal\cremad_0f04ebb53017.wav
[470/900] normal_human     dataset\normal\cremad_f61ab56e443a.wav
[471/900] normal_human     dataset\normal\cremad_2f015bdc8aaa.wav
[472/900] normal_human     dataset\normal\cremad_14e5bdfae449.wav
[473/900] normal_human     dataset\normal\cremad_8be3acfe9a2f.wav
[474/900] normal_human     dataset\normal\cremad_52ad291fd9aa.wav
[475/900] normal_human     dataset\normal\cremad_3d0e4b0d8730.wav
[476/900] normal_human     dataset\normal\cremad_be54ca43934e.wav
[477/900] normal_human     dataset\normal\cremad_f9ee7b4154d9.wav
[478/900] normal_human     dataset\normal\cremad_27f0e0530233.wav
[479/900] normal_human     dataset\normal\cremad_8e052c622d46.wav
[480/900] normal_human     dataset\normal\cremad_05eab2192305.wav
[481/900] normal_human     dataset\normal\cremad_f209c176f3df.wav
[482/900] normal_human     dataset\normal\cremad_3edcde1a990f.wav
[483/900] normal_human     dataset\normal\cremad_e1ba8420bfbc.wav
[484/900] normal_human     dataset\normal\cremad_8ba8a14fe8cf.wav
[485/900] normal_human     dataset\normal\cremad_0b3c895463da.wav
[486/900] normal_human     dataset\normal\cremad_73b240f308e1.wav
[487/900] normal_human     dataset\normal\cremad_498846888cf4.wav
[488/900] normal_human     dataset\normal\cremad_2d3104327f2b.wav
[489/900] normal_human     dataset\normal\cremad_4c9e3f463e33.wav
[490/900] normal_human     dataset\normal\cremad_f7521f1f16d9.wav
[491/900] normal_human     dataset\normal\cremad_b07b45a506dd.wav
[492/900] normal_human     dataset\normal\cremad_bba609ad3193.wav
[493/900] normal_human     dataset\normal\cremad_76d59acd1bc0.wav
[494/900] normal_human     dataset\normal\cremad_526fac6dee59.wav
[495/900] normal_human     dataset\normal\cremad_10aac9c22f9b.wav
[496/900] normal_human     dataset\normal\cremad_a0ae315318bd.wav
[497/900] normal_human     dataset\normal\cremad_895fa3ae9017.wav
[498/900] normal_human     dataset\normal\cremad_dd88bf460f3a.wav
[499/900] normal_human     dataset\normal\cremad_f7c800ff5984.wav
[500/900] normal_human     dataset\normal\cremad_fa9d68db41e9.wav
[501/900] normal_human     dataset\normal\cremad_64b3e0ce4610.wav
[502/900] normal_human     dataset\normal\cremad_3b4d869d9835.wav
[503/900] normal_human     dataset\normal\cremad_7031256956b1.wav
[504/900] normal_human     dataset\normal\cremad_a5411b7d3b83.wav
[505/900] normal_human     dataset\normal\cremad_1d2baa249940.wav
[506/900] normal_human     dataset\normal\cremad_5c0e597f8a88.wav
[507/900] normal_human     dataset\normal\cremad_b2fee7239e5a.wav
[508/900] normal_human     dataset\normal\cremad_bb6944c4d25a.wav
[509/900] normal_human     dataset\normal\cremad_920fa5629ff5.wav
[510/900] normal_human     dataset\normal\cremad_dce548b85261.wav
[511/900] normal_human     dataset\normal\cremad_c681e9392531.wav
[512/900] normal_human     dataset\normal\cremad_c11a24213bff.wav
[513/900] normal_human     dataset\normal\cremad_7a9a26d65b69.wav
[514/900] normal_human     dataset\normal\cremad_406377fde3bf.wav
[515/900] normal_human     dataset\normal\cremad_96491d0b12bc.wav
[516/900] normal_human     dataset\normal\cremad_999dcac9e422.wav
[517/900] normal_human     dataset\normal\cremad_1369ca162f79.wav
[518/900] normal_human     dataset\normal\cremad_60e6c8af5e26.wav
[519/900] normal_human     dataset\normal\cremad_59638d49089a.wav
[520/900] normal_human     dataset\normal\cremad_7a5f93c49ed7.wav
[521/900] normal_human     dataset\normal\cremad_e192ee7f6844.wav
[522/900] normal_human     dataset\normal\cremad_43c2c0085421.wav
[523/900] normal_human     dataset\normal\cremad_ec0b59d82ba7.wav
[524/900] normal_human     dataset\normal\cremad_7c514f4c3e62.wav
[525/900] normal_human     dataset\normal\cremad_a82443e6ce52.wav
[526/900] normal_human     dataset\normal\cremad_1f4384c95761.wav
[527/900] normal_human     dataset\normal\cremad_5443a782547e.wav
[528/900] normal_human     dataset\normal\cremad_88e8f8078e01.wav
[529/900] normal_human     dataset\normal\cremad_caf547b096b8.wav
[530/900] normal_human     dataset\normal\cremad_cee8596dd185.wav
[531/900] normal_human     dataset\normal\cremad_b2b2a53266b1.wav
[532/900] normal_human     dataset\normal\cremad_a0cf33e591b0.wav
[533/900] normal_human     dataset\normal\cremad_54ad3fa0a0a1.wav
[534/900] normal_human     dataset\normal\cremad_f7b2ba7be2b0.wav
[535/900] normal_human     dataset\normal\cremad_817b4cb84417.wav
[536/900] normal_human     dataset\normal\cremad_ba49706405ee.wav
[537/900] normal_human     dataset\normal\cremad_33187053f8c3.wav
[538/900] normal_human     dataset\normal\cremad_505e8104d948.wav
[539/900] normal_human     dataset\normal\cremad_805315668f1b.wav
[540/900] normal_human     dataset\normal\cremad_d984c9f953f4.wav
[541/900] normal_human     dataset\normal\cremad_2beba3242c81.wav
[542/900] normal_human     dataset\normal\cremad_4f570133aeee.wav
[543/900] normal_human     dataset\normal\cremad_4d10608bcbfa.wav
[544/900] normal_human     dataset\normal\cremad_49202727e76e.wav
[545/900] normal_human     dataset\normal\cremad_a55b92daf819.wav
[546/900] normal_human     dataset\normal\cremad_0bdd3c447729.wav
[547/900] normal_human     dataset\normal\cremad_bc1f499e7db6.wav
[548/900] normal_human     dataset\normal\cremad_0fdc6195069b.wav
[549/900] normal_human     dataset\normal\cremad_88cd24b747d8.wav
[550/900] normal_human     dataset\normal\cremad_a71d1f94e5ee.wav
[551/900] normal_human     dataset\normal\cremad_87e9909d6f56.wav
[552/900] normal_human     dataset\normal\cremad_0fa71cb4c134.wav
[553/900] normal_human     dataset\normal\cremad_bd45b86d979e.wav
[554/900] normal_human     dataset\normal\cremad_9835c3d28ee6.wav
[555/900] normal_human     dataset\normal\cremad_57b294969fe6.wav
[556/900] normal_human     dataset\normal\cremad_393c89ca0a7c.wav
[557/900] normal_human     dataset\normal\cremad_c908763a65b8.wav
[558/900] normal_human     dataset\normal\cremad_fa103cd184de.wav
[559/900] normal_human     dataset\normal\cremad_baf2f6c90390.wav
[560/900] normal_human     dataset\normal\cremad_fa86b35c01ed.wav
[561/900] normal_human     dataset\normal\cremad_6a176125b4ca.wav
[562/900] normal_human     dataset\normal\cremad_7dc57f427983.wav
[563/900] normal_human     dataset\normal\cremad_9de7a7883aff.wav
[564/900] normal_human     dataset\normal\cremad_cac66564df9a.wav
[565/900] normal_human     dataset\normal\cremad_8b766cd9857b.wav
[566/900] normal_human     dataset\normal\cremad_3dfb1372592a.wav
[567/900] normal_human     dataset\normal\cremad_837a7a01530b.wav
[568/900] normal_human     dataset\normal\cremad_89b49e6495c1.wav
[569/900] normal_human     dataset\normal\cremad_501a5fe56e84.wav
[570/900] normal_human     dataset\normal\cremad_03f9e1f32256.wav
[571/900] normal_human     dataset\normal\cremad_fcbc27f9e691.wav
[572/900] normal_human     dataset\normal\cremad_7bc3901eeed5.wav
[573/900] normal_human     dataset\normal\cremad_9690023e6877.wav
[574/900] normal_human     dataset\normal\cremad_51c6dba1ca02.wav
[575/900] normal_human     dataset\normal\cremad_c624f45d1679.wav
[576/900] normal_human     dataset\normal\cremad_717e905a424d.wav
[577/900] normal_human     dataset\normal\cremad_7a7232802963.wav
[578/900] normal_human     dataset\normal\cremad_f49c95a9adc7.wav
[579/900] normal_human     dataset\normal\cremad_54107899f9e4.wav
[580/900] normal_human     dataset\normal\cremad_4089e8484a49.wav
[581/900] normal_human     dataset\normal\cremad_589825cf7126.wav
[582/900] normal_human     dataset\normal\cremad_f5f69e9ff42c.wav
[583/900] normal_human     dataset\normal\cremad_c2568555522d.wav
[584/900] normal_human     dataset\normal\cremad_5c1970e2c632.wav
[585/900] normal_human     dataset\normal\cremad_b11f9693134d.wav
[586/900] normal_human     dataset\normal\cremad_49454722679b.wav
[587/900] normal_human     dataset\normal\cremad_2960d15e2c98.wav
[588/900] normal_human     dataset\normal\cremad_449b23501c58.wav
[589/900] normal_human     dataset\normal\cremad_7176f6138f9b.wav
[590/900] normal_human     dataset\normal\cremad_4797c61e96cd.wav
[591/900] normal_human     dataset\normal\cremad_99f9abaaab5d.wav
[592/900] normal_human     dataset\normal\cremad_76a1d41b9ba2.wav
[593/900] normal_human     dataset\normal\cremad_6551a8aa1100.wav
[594/900] normal_human     dataset\normal\cremad_024bbec1fd5f.wav
[595/900] normal_human     dataset\normal\cremad_063e9ac29c15.wav
[596/900] normal_human     dataset\normal\cremad_f0e5cae467d1.wav
[597/900] normal_human     dataset\normal\cremad_d3dfae68583b.wav
[598/900] normal_human     dataset\normal\cremad_dd23772bb3bd.wav
[599/900] normal_human     dataset\normal\cremad_ff60ea0fa0c4.wav
[600/900] normal_human     dataset\normal\cremad_b83089a991e1.wav
[601/900] background_noise dataset\noise\esc50_d17a54bb2e34.wav
[602/900] background_noise dataset\noise\esc50_38ec20054b76.wav
[603/900] background_noise dataset\noise\esc50_e5457912d521.wav
[604/900] background_noise dataset\noise\esc50_f89820cb7972.wav
[605/900] background_noise dataset\noise\esc50_91bc97f212cd.wav
[606/900] background_noise dataset\noise\esc50_f2e7a922ae98.wav
[607/900] background_noise dataset\noise\esc50_d020fd3ee4a0.wav
[608/900] background_noise dataset\noise\esc50_63b1d4dde700.wav
[609/900] background_noise dataset\noise\esc50_b7bfd5ba36b0.wav
[610/900] background_noise dataset\noise\esc50_3314f969392e.wav
[611/900] background_noise dataset\noise\esc50_77f2736c6e87.wav
[612/900] background_noise dataset\noise\esc50_f01995f74de3.wav
[613/900] background_noise dataset\noise\esc50_77b68ebcc920.wav
[614/900] background_noise dataset\noise\esc50_0179be65e66e.wav
[615/900] background_noise dataset\noise\esc50_65c23f92de3a.wav
[616/900] background_noise dataset\noise\esc50_831ea8342fac.wav
[617/900] background_noise dataset\noise\esc50_dfa1e2dce566.wav
[618/900] background_noise dataset\noise\esc50_63f12091e225.wav
[619/900] background_noise dataset\noise\esc50_cd35f3a28809.wav
[620/900] background_noise dataset\noise\esc50_2c3bf53234b4.wav
[621/900] background_noise dataset\noise\esc50_706dc29d9e57.wav
[622/900] background_noise dataset\noise\esc50_589b18c38088.wav
[623/900] background_noise dataset\noise\esc50_969a91100c74.wav
[624/900] background_noise dataset\noise\esc50_3b2e0f4d7dcb.wav
[625/900] background_noise dataset\noise\esc50_76296c6cf1cb.wav
[626/900] background_noise dataset\noise\esc50_12ffd1e41c1f.wav
[627/900] background_noise dataset\noise\esc50_d815697f885d.wav
[628/900] background_noise dataset\noise\esc50_686e57dd18d3.wav
[629/900] background_noise dataset\noise\esc50_b995163974f5.wav
[630/900] background_noise dataset\noise\esc50_acc547eaa091.wav
[631/900] background_noise dataset\noise\esc50_409f91bc2a4a.wav
[632/900] background_noise dataset\noise\esc50_9cdba7387d01.wav
[633/900] background_noise dataset\noise\esc50_bb8868857f90.wav
[634/900] background_noise dataset\noise\esc50_0c1466ee6314.wav
[635/900] background_noise dataset\noise\esc50_654126b56f74.wav
[636/900] background_noise dataset\noise\esc50_e03d3fe1eac5.wav
[637/900] background_noise dataset\noise\esc50_da2da55617eb.wav
[638/900] background_noise dataset\noise\esc50_6571ceb6e335.wav
[639/900] background_noise dataset\noise\esc50_4df830fda233.wav
[640/900] background_noise dataset\noise\esc50_8c769df93894.wav
[641/900] background_noise dataset\noise\esc50_f38226665f18.wav
[642/900] background_noise dataset\noise\esc50_8a131ad8c1c8.wav
[643/900] background_noise dataset\noise\esc50_4b012c76b424.wav
[644/900] background_noise dataset\noise\esc50_1e8fcef51c07.wav
[645/900] background_noise dataset\noise\esc50_1e8739e81efa.wav
[646/900] background_noise dataset\noise\esc50_0bc6f7a1de36.wav
[647/900] background_noise dataset\noise\esc50_5e0fef46f10f.wav
[648/900] background_noise dataset\noise\esc50_08c3c6324732.wav
[649/900] background_noise dataset\noise\esc50_e342d607e1c7.wav
[650/900] background_noise dataset\noise\esc50_fa08d301a1b5.wav
[651/900] background_noise dataset\noise\esc50_b85bfcd3875c.wav
[652/900] background_noise dataset\noise\esc50_4f2fa38de24c.wav
[653/900] background_noise dataset\noise\esc50_2e0dc66e2ecf.wav
[654/900] background_noise dataset\noise\esc50_67c6c76c27f3.wav
[655/900] background_noise dataset\noise\esc50_08586bd088eb.wav
[656/900] background_noise dataset\noise\esc50_c7e4f82d43ee.wav
[657/900] background_noise dataset\noise\esc50_93a904fd8e92.wav
[658/900] background_noise dataset\noise\esc50_31c1255d9a02.wav
[659/900] background_noise dataset\noise\esc50_cd1844f96412.wav
[660/900] background_noise dataset\noise\esc50_8cd3ccd7e13f.wav
[661/900] background_noise dataset\noise\esc50_423d30a90873.wav
[662/900] background_noise dataset\noise\esc50_4db69ea476d1.wav
[663/900] background_noise dataset\noise\esc50_d9e356eea2d7.wav
[664/900] background_noise dataset\noise\esc50_7d373166f027.wav
[665/900] background_noise dataset\noise\esc50_0ed63cd055ef.wav
[666/900] background_noise dataset\noise\esc50_44fa8fdf16e4.wav
[667/900] background_noise dataset\noise\esc50_7e16c6994b23.wav
[668/900] background_noise dataset\noise\esc50_95abe20536e4.wav
[669/900] background_noise dataset\noise\esc50_a8da0e9c344c.wav
[670/900] background_noise dataset\noise\esc50_8f3dcbdeab86.wav
[671/900] background_noise dataset\noise\esc50_1d8f5e6eacf0.wav
[672/900] background_noise dataset\noise\esc50_f364ca548874.wav
[673/900] background_noise dataset\noise\esc50_76454daf4328.wav
[674/900] background_noise dataset\noise\esc50_78eeb6867e54.wav
[675/900] background_noise dataset\noise\esc50_99b17cd84f9b.wav
[676/900] background_noise dataset\noise\esc50_3bf814151ee9.wav
[677/900] background_noise dataset\noise\esc50_1537a06e4af2.wav
[678/900] background_noise dataset\noise\esc50_75941b0dbf38.wav
[679/900] background_noise dataset\noise\esc50_916de1ea6aa9.wav
[680/900] background_noise dataset\noise\esc50_8899ea401db2.wav
[681/900] background_noise dataset\noise\esc50_3c80c20a8a64.wav
[682/900] background_noise dataset\noise\esc50_ee375f611306.wav
[683/900] background_noise dataset\noise\esc50_405af7107532.wav
[684/900] background_noise dataset\noise\esc50_5a74cf1ce21f.wav
[685/900] background_noise dataset\noise\esc50_a54bb63d4978.wav
[686/900] background_noise dataset\noise\esc50_e9d8fbb67fe4.wav
[687/900] background_noise dataset\noise\esc50_4cba1b83fc99.wav
[688/900] background_noise dataset\noise\esc50_93596dfe8ab9.wav
[689/900] background_noise dataset\noise\esc50_8599090f5cc7.wav
[690/900] background_noise dataset\noise\esc50_ffe65db69735.wav
[691/900] background_noise dataset\noise\esc50_55946029df9d.wav
[692/900] background_noise dataset\noise\esc50_48199450237b.wav
[693/900] background_noise dataset\noise\esc50_c8772b1e3d61.wav
[694/900] background_noise dataset\noise\esc50_f3b9dbf859fd.wav
[695/900] background_noise dataset\noise\esc50_e06968516346.wav
[696/900] background_noise dataset\noise\esc50_ca5a7cbb0874.wav
[697/900] background_noise dataset\noise\esc50_effd4f579934.wav
[698/900] background_noise dataset\noise\esc50_b4052094be2e.wav
[699/900] background_noise dataset\noise\esc50_bb90e7376a1b.wav
[700/900] background_noise dataset\noise\esc50_50529e6d6922.wav
[701/900] background_noise dataset\noise\esc50_eae03776b2e7.wav
[702/900] background_noise dataset\noise\esc50_d43662e0d4d4.wav
[703/900] background_noise dataset\noise\esc50_48c61a89cf0c.wav
[704/900] background_noise dataset\noise\esc50_d1ec9ab6b463.wav
[705/900] background_noise dataset\noise\esc50_20f2bd561a05.wav
[706/900] background_noise dataset\noise\esc50_cd83da00da5a.wav
[707/900] background_noise dataset\noise\esc50_2800cd668e16.wav
[708/900] background_noise dataset\noise\esc50_c7c60e203af9.wav
[709/900] background_noise dataset\noise\esc50_6bac9df41ee4.wav
[710/900] background_noise dataset\noise\esc50_85edb32bcd1c.wav
[711/900] background_noise dataset\noise\esc50_83138c234308.wav
[712/900] background_noise dataset\noise\esc50_b3338d41ed69.wav
[713/900] background_noise dataset\noise\esc50_8374597c7b76.wav
[714/900] background_noise dataset\noise\esc50_5f6f8cecc0ae.wav
[715/900] background_noise dataset\noise\esc50_564735e76d10.wav
[716/900] background_noise dataset\noise\esc50_2792e04dbdf5.wav
[717/900] background_noise dataset\noise\esc50_cf0cd017b584.wav
[718/900] background_noise dataset\noise\esc50_06db965eb2ee.wav
[719/900] background_noise dataset\noise\esc50_f789ff659501.wav
[720/900] background_noise dataset\noise\esc50_8479fa416a1c.wav
[721/900] background_noise dataset\noise\esc50_d18d44db5c27.wav
[722/900] background_noise dataset\noise\esc50_d8516ee34705.wav
[723/900] background_noise dataset\noise\esc50_728cc2a5e065.wav
[724/900] background_noise dataset\noise\esc50_f76f5b69a363.wav
[725/900] background_noise dataset\noise\esc50_93b6bc038dc2.wav
[726/900] background_noise dataset\noise\esc50_2fee61e032ae.wav
[727/900] background_noise dataset\noise\esc50_8eea6817db89.wav
[728/900] background_noise dataset\noise\esc50_ba1a2ff2ccf2.wav
[729/900] background_noise dataset\noise\esc50_f035626fc1e4.wav
[730/900] background_noise dataset\noise\esc50_a74eda65c402.wav
[731/900] background_noise dataset\noise\esc50_bf2e2e090f76.wav
[732/900] background_noise dataset\noise\esc50_ae100bc16db4.wav
[733/900] background_noise dataset\noise\esc50_d345ba27ce8c.wav
[734/900] background_noise dataset\noise\esc50_4b4414b41eb1.wav
[735/900] background_noise dataset\noise\esc50_c5a2228bb709.wav
[736/900] background_noise dataset\noise\esc50_5ccb94d47d7b.wav
[737/900] background_noise dataset\noise\esc50_fe56e189b34d.wav
[738/900] background_noise dataset\noise\esc50_7e1468dd9563.wav
[739/900] background_noise dataset\noise\esc50_5dc1af2b3cbe.wav
[740/900] background_noise dataset\noise\esc50_9711225ee9f3.wav
[741/900] background_noise dataset\noise\esc50_79af9ff08f7c.wav
[742/900] background_noise dataset\noise\esc50_22a5899aa29a.wav
[743/900] background_noise dataset\noise\esc50_4950fa242ae1.wav
[744/900] background_noise dataset\noise\esc50_b26f22a063d1.wav
[745/900] background_noise dataset\noise\esc50_3a9265acdf70.wav
[746/900] background_noise dataset\noise\esc50_facbb1c86916.wav
[747/900] background_noise dataset\noise\esc50_113517de99f6.wav
[748/900] background_noise dataset\noise\esc50_13c62e84cf11.wav
[749/900] background_noise dataset\noise\esc50_bf5267fa1f74.wav
[750/900] background_noise dataset\noise\esc50_1448852784ba.wav
[751/900] background_noise dataset\noise\esc50_07c43dd0aee2.wav
[752/900] background_noise dataset\noise\esc50_8c3d0c3f4575.wav
[753/900] background_noise dataset\noise\esc50_8f94a8758769.wav
[754/900] background_noise dataset\noise\esc50_f4946265c0d8.wav
[755/900] background_noise dataset\noise\esc50_5fd81b63c79f.wav
[756/900] background_noise dataset\noise\esc50_12d4041b81cf.wav
[757/900] background_noise dataset\noise\esc50_6c3bc565c3bb.wav
[758/900] background_noise dataset\noise\esc50_518bcc1ff292.wav
[759/900] background_noise dataset\noise\esc50_4fae5a460815.wav
[760/900] background_noise dataset\noise\esc50_6fd9b6ef282c.wav
[761/900] background_noise dataset\noise\esc50_68a60c46d08f.wav
[762/900] background_noise dataset\noise\esc50_51f406fbf2f7.wav
[763/900] background_noise dataset\noise\esc50_d4e40bdc729f.wav
[764/900] background_noise dataset\noise\esc50_a41ff1803a06.wav
[765/900] background_noise dataset\noise\esc50_b87af5fd4e3f.wav
[766/900] background_noise dataset\noise\esc50_4a5f28bcf402.wav
[767/900] background_noise dataset\noise\esc50_07ec86245b2d.wav
[768/900] background_noise dataset\noise\esc50_d02a3060b585.wav
[769/900] background_noise dataset\noise\esc50_13e9f1791481.wav
[770/900] background_noise dataset\noise\esc50_e2c71a93db86.wav
[771/900] background_noise dataset\noise\esc50_24fc017c5878.wav
[772/900] background_noise dataset\noise\esc50_e5ef1cd774bf.wav
[773/900] background_noise dataset\noise\esc50_bed388d3290d.wav
[774/900] background_noise dataset\noise\esc50_e7196b4fd0f3.wav
[775/900] background_noise dataset\noise\esc50_54baa302ed0e.wav
[776/900] background_noise dataset\noise\esc50_0500e59361cf.wav
[777/900] background_noise dataset\noise\esc50_d0cb44ba578c.wav
[778/900] background_noise dataset\noise\esc50_6d8a4640f118.wav
[779/900] background_noise dataset\noise\esc50_64732a091fbf.wav
[780/900] background_noise dataset\noise\esc50_a9b218c32aa7.wav
[781/900] background_noise dataset\noise\esc50_3255172cf3a1.wav
[782/900] background_noise dataset\noise\esc50_5a345f9ae310.wav
[783/900] background_noise dataset\noise\esc50_c4db990268f1.wav
[784/900] background_noise dataset\noise\esc50_ed86e94b0850.wav
[785/900] background_noise dataset\noise\esc50_a0fbeff18d2a.wav
[786/900] background_noise dataset\noise\esc50_f2ca32af57f1.wav
[787/900] background_noise dataset\noise\esc50_a9134a21e5d9.wav
[788/900] background_noise dataset\noise\esc50_95c82dfe7372.wav
[789/900] background_noise dataset\noise\esc50_2d75c7f60235.wav
[790/900] background_noise dataset\noise\esc50_39488783b046.wav
[791/900] background_noise dataset\noise\esc50_3cb6095aecff.wav
[792/900] background_noise dataset\noise\esc50_5edd7e0181e3.wav
[793/900] background_noise dataset\noise\esc50_9e2236efaa4f.wav
[794/900] background_noise dataset\noise\esc50_2fdafa9cb0d5.wav
[795/900] background_noise dataset\noise\esc50_097eca93f47a.wav
[796/900] background_noise dataset\noise\esc50_3388114ba8b1.wav
[797/900] background_noise dataset\noise\esc50_b70cf233e74a.wav
[798/900] background_noise dataset\noise\esc50_3498cdf7a988.wav
[799/900] background_noise dataset\noise\esc50_1d9fb39a2ccc.wav
[800/900] background_noise dataset\noise\esc50_51c0cec363ed.wav
[801/900] background_noise dataset\noise\esc50_d9b125e18218.wav
[802/900] background_noise dataset\noise\esc50_0d8043c195a2.wav
[803/900] background_noise dataset\noise\esc50_3eed501df7ab.wav
[804/900] background_noise dataset\noise\esc50_c6b9f7ccddd1.wav
[805/900] background_noise dataset\noise\esc50_e72a747e8e3f.wav
[806/900] background_noise dataset\noise\esc50_8d1e8c0a8506.wav
[807/900] background_noise dataset\noise\esc50_c0e2065616a9.wav
[808/900] background_noise dataset\noise\esc50_ffe63bf63af2.wav
[809/900] background_noise dataset\noise\esc50_656f471aaf0b.wav
[810/900] background_noise dataset\noise\esc50_6d1d5ff5f2ce.wav
[811/900] background_noise dataset\noise\esc50_ba4e13f8ab43.wav
[812/900] background_noise dataset\noise\esc50_6f2f38dec4a2.wav
[813/900] background_noise dataset\noise\esc50_955b13a60e4c.wav
[814/900] background_noise dataset\noise\esc50_a81c65687f4e.wav
[815/900] background_noise dataset\noise\esc50_6d5f80548723.wav
[816/900] background_noise dataset\noise\esc50_91bb9eaf1a6a.wav
[817/900] background_noise dataset\noise\esc50_52c91d15be56.wav
[818/900] background_noise dataset\noise\esc50_e92b76af0283.wav
[819/900] background_noise dataset\noise\esc50_90a6f105a3a2.wav
[820/900] background_noise dataset\noise\esc50_046e6b491fff.wav
[821/900] background_noise dataset\noise\esc50_a2b2091c1a92.wav
[822/900] background_noise dataset\noise\esc50_d359adbb3b42.wav
[823/900] background_noise dataset\noise\esc50_654f52bf2761.wav
[824/900] background_noise dataset\noise\esc50_0ed86f04d50c.wav
[825/900] background_noise dataset\noise\esc50_547b0bb80dac.wav
[826/900] background_noise dataset\noise\esc50_0ecb91e43cdd.wav
[827/900] background_noise dataset\noise\esc50_442391f18dcf.wav
[828/900] background_noise dataset\noise\esc50_a975e45517b1.wav
[829/900] background_noise dataset\noise\esc50_8e27f21a5f79.wav
[830/900] background_noise dataset\noise\esc50_b07376cd3a5e.wav
[831/900] background_noise dataset\noise\esc50_41cd9f472a43.wav
[832/900] background_noise dataset\noise\esc50_6a7d4f7e8445.wav
[833/900] background_noise dataset\noise\esc50_510468c15a28.wav
[834/900] background_noise dataset\noise\esc50_60b6859d4160.wav
[835/900] background_noise dataset\noise\esc50_f4ee94108e72.wav
[836/900] background_noise dataset\noise\esc50_523e9d7d4ea5.wav
[837/900] background_noise dataset\noise\esc50_f905359f4d4f.wav
[838/900] background_noise dataset\noise\esc50_268bc5aff3bd.wav
[839/900] background_noise dataset\noise\esc50_989292114d95.wav
[840/900] background_noise dataset\noise\esc50_884a8ca3a54d.wav
[841/900] background_noise dataset\noise\esc50_bd4fee2f89cf.wav
[842/900] background_noise dataset\noise\esc50_37d249a5e065.wav
[843/900] background_noise dataset\noise\esc50_5fdb4cf3421a.wav
[844/900] background_noise dataset\noise\esc50_05cb5d06b2e6.wav
[845/900] background_noise dataset\noise\esc50_8507d8dc09b6.wav
[846/900] background_noise dataset\noise\esc50_599cd94d3993.wav
[847/900] background_noise dataset\noise\esc50_b60b8343cc19.wav
[848/900] background_noise dataset\noise\esc50_fe60b94f4901.wav
[849/900] background_noise dataset\noise\esc50_0975ad8478a0.wav
[850/900] background_noise dataset\noise\esc50_44c89fef72c2.wav
[851/900] background_noise dataset\noise\esc50_b9e2db97d1eb.wav
[852/900] background_noise dataset\noise\esc50_339004931bd4.wav
[853/900] background_noise dataset\noise\esc50_c0afc81b7378.wav
[854/900] background_noise dataset\noise\esc50_e037a7e56c6e.wav
[855/900] background_noise dataset\noise\esc50_7354e52e12a4.wav
[856/900] background_noise dataset\noise\esc50_726c1c4ce25e.wav
[857/900] background_noise dataset\noise\esc50_a7bc9c5de386.wav
[858/900] background_noise dataset\noise\esc50_f5d171208fe5.wav
[859/900] background_noise dataset\noise\esc50_c85173ab0668.wav
[860/900] background_noise dataset\noise\esc50_79283e8f39ac.wav
[861/900] background_noise dataset\noise\esc50_e7544ef71d7d.wav
[862/900] background_noise dataset\noise\esc50_36365b74aad2.wav
[863/900] background_noise dataset\noise\esc50_0c139d2b8779.wav
[864/900] background_noise dataset\noise\esc50_9d03e4675d54.wav
[865/900] background_noise dataset\noise\esc50_ad2ff7e3f2e3.wav
[866/900] background_noise dataset\noise\esc50_ba8029fee45d.wav
[867/900] background_noise dataset\noise\esc50_9c59e90c6eee.wav
[868/900] background_noise dataset\noise\esc50_74f1cdd2d0a9.wav
[869/900] background_noise dataset\noise\esc50_9a5e9a65937d.wav
[870/900] background_noise dataset\noise\esc50_cde24c3fb0db.wav
[871/900] background_noise dataset\noise\esc50_4ebcbc21a5e5.wav
[872/900] background_noise dataset\noise\esc50_0b7655cfb310.wav
[873/900] background_noise dataset\noise\esc50_bc9abcba66eb.wav
[874/900] background_noise dataset\noise\esc50_094833efb94f.wav
[875/900] background_noise dataset\noise\esc50_654908fee13a.wav
[876/900] background_noise dataset\noise\esc50_179b6ea92b6f.wav
[877/900] background_noise dataset\noise\esc50_4aac02ed0d41.wav
[878/900] background_noise dataset\noise\esc50_c81a38a69b28.wav
[879/900] background_noise dataset\noise\esc50_1b86cce76927.wav
[880/900] background_noise dataset\noise\esc50_fb12678cac04.wav
[881/900] background_noise dataset\noise\esc50_511e3971274d.wav
[882/900] background_noise dataset\noise\esc50_d02e33a0fe8b.wav
[883/900] background_noise dataset\noise\esc50_45d6f7854984.wav
[884/900] background_noise dataset\noise\esc50_80675d490295.wav
[885/900] background_noise dataset\noise\esc50_78dc0b305fff.wav
[886/900] background_noise dataset\noise\esc50_ca8b041a5059.wav
[887/900] background_noise dataset\noise\esc50_7018ad404b86.wav
[888/900] background_noise dataset\noise\esc50_284d4b9b348e.wav
[889/900] background_noise dataset\noise\esc50_1dd6832ac63e.wav
[890/900] background_noise dataset\noise\esc50_43ed8a36f666.wav
[891/900] background_noise dataset\noise\esc50_9831bc7aadd8.wav
[892/900] background_noise dataset\noise\esc50_b9b2b6d2be56.wav
[893/900] background_noise dataset\noise\esc50_678a2bdcc740.wav
[894/900] background_noise dataset\noise\esc50_7807f3388845.wav
[895/900] background_noise dataset\noise\esc50_3612f0113b8a.wav
[896/900] background_noise dataset\noise\esc50_6f407911c784.wav
[897/900] background_noise dataset\noise\esc50_a2478f75e551.wav
[898/900] background_noise dataset\noise\esc50_ae8d3c8ffdea.wav
[899/900] background_noise dataset\noise\esc50_6afef5655f96.wav
[900/900] background_noise dataset\noise\esc50_12596410b50c.wav

Split method: group-aware
Confusion matrix [background_noise, normal_human, distress]:
[[69  0  2]
 [ 1 77  2]
 [ 2  0 65]]

Classification report:
                  precision    recall  f1-score   support

background_noise       0.96      0.97      0.97        71
    normal_human       1.00      0.96      0.98        80
        distress       0.94      0.97      0.96        67

        accuracy                           0.97       218
       macro avg       0.97      0.97      0.97       218
    weighted avg       0.97      0.97      0.97       218

Distress-vs-rest: TP=65 TN=147 FP=4 FN=2
Specificity: 0.974
False-positive rate: 0.026

Model saved to hub/models/distress_svm.pkl
