From https://github.com/karolpiczak/ESC-50
 * [new branch]      master     -> origin/master
error: The following untracked working tree files would be overwritten by merge:
	.circleci/config.yml
	.github/stale.yml
	.gitignore
	LICENSE
	README.md
	audio/1-100032-A-0.wav
	audio/1-100038-A-14.wav
	audio/1-100210-A-36.wav
	audio/1-100210-B-36.wav
	audio/1-101296-A-19.wav
	audio/1-101296-B-19.wav
	audio/1-101336-A-30.wav
	audio/1-101404-A-34.wav
	audio/1-103298-A-9.wav
	audio/1-103995-A-30.wav
	audio/1-103999-A-30.wav
	audio/1-104089-A-22.wav
	audio/1-104089-B-22.wav
	audio/1-105224-A-22.wav
	audio/1-110389-A-0.wav
	audio/1-110537-A-22.wav
	audio/1-115521-A-19.wav
	audio/1-115545-A-48.wav
	audio/1-115545-B-48.wav
	audio/1-115545-C-48.wav
	audio/1-115546-A-48.wav
	audio/1-115920-A-22.wav
	audio/1-115920-B-22.wav
	audio/1-115921-A-22.wav
	audio/1-116765-A-41.wav
	audio/1-11687-A-47.wav
	audio/1-118206-A-31.wav
	audio/1-118559-A-17.wav
	audio/1-119125-A-45.wav
	audio/1-121951-A-8.wav
	audio/1-12653-A-15.wav
	audio/1-12654-A-15.wav
	audio/1-12654-B-15.wav
	audio/1-13571-A-46.wav
	audio/1-13572-A-46.wav
	audio/1-13613-A-37.wav
	audio/1-137-A-32.wav
	audio/1-137296-A-16.wav
	audio/1-14262-A-37.wav
	audio/1-155858-A-25.wav
	audio/1-155858-B-25.wav
	audio/1-155858-C-25.wav
	audio/1-155858-D-25.wav
	audio/1-155858-E-25.wav
	audio/1-155858-F-25.wav
	audio/1-15689-A-4.wav
	audio/1-15689-B-4.wav
	audio/1-160563-A-48.wav
	audio/1-160563-B-48.wav
	audio/1-16568-A-3.wav
	audio/1-16746-A-15.wav
	audio/1-17092-A-27.wav
	audio/1-17092-B-27.wav
	audio/1-17124-A-43.wav
	audio/1-17150-A-12.wav
	audio/1-172649-A-40.wav
	audio/1-172649-B-40.wav
	audio/1-172649-C-40.wav
	audio/1-172649-D-40.wav
	audio/1-172649-E-40.wav
	audio/1-172649-F-40.wav
	audio/1-17295-A-29.wav
	audio/1-17367-A-10.wav
	audio/1-17565-A-12.wav
	audio/1-17585-A-7.wav
	audio/1-17742-A-12.wav
	audio/1-17808-A-12.wav
	audio/1-17808-B-12.wav
	audio/1-1791-A-26.wav
	audio/1-17970-A-4.wav
	audio/1-18074-A-6.wav
	audio/1-18074-B-6.wav
	audio/1-181071-A-40.wav
	audio/1-181071-B-40.wav
	audio/1-18527-A-44.wav
	audio/1-18527-B-44.wav
	audio/1-18631-A-23.wav
	audio/1-18655-A-31.wav
	audio/1-187207-A-20.wav
	audio/1-18755-A-4.wav
	audio/1-18755-B-4.wav
	audio/1-18757-A-4.wav
	audio/1-18810-A-49.wav
	audio/1-19026-A-43.wav
	audio/1-19111-A-24.wav
	audio/1-19118-A-24.wav
	audio/1-19501-A-7.wav
	audio/1-196660-A-8.wav
	audio/1-196660-B-8.wav
	audio/1-19840-A-36.wav
	audio/1-19872-A-36.wav
	audio/1-19872-B-36.wav
	audio/1-19898-A-41.wav
	audio/1-19898-B-41.wav
	audio/1-19898-C-41.wav
	audio/1-20133-A-39.wav
	audio/1-202111-A-3.wav
	audio/1-20545-A-28.wav
	audio/1-20736-A-18.wav
	audio/1-208757-A-2.wav
	audio/1-208757-B-2.wav
	audio/1-208757-C-2.wav
	audio/1-208757-D-2.wav
	audio/1-208757-E-2.wav
	audio/1-211527-A-20.wav
	audio/1-211527-B-20.wav
	audio/1-211527-C-20.wav
	audio/1-21189-A-10.wav
	audio/1-21421-A-46.wav
	audio/1-21896-A-35.wav
	audio/1-21934-A-38.wav
	audio/1-21935-A-38.wav
	audio/1-223162-A-25.wav
	audio/1-22694-A-20.wav
	audio/1-22694-B-20.wav
	audio/1-22804-A-46.wav
	audio/1-22882-A-44.wav
	audio/1-23094-A-15.wav
	audio/1-23094-B-15.wav
	audio/1-23222-A-19.wav
	audio/1-23222-B-19.wav
	audio/1-23706-A-49.wav
	audio/1-23996-A-35.wav
	audio/1-23996-B-35.wav
	audio/1-24074-A-43.wav
	audio/1-24076-A-43.wav
	audio/1-24524-A-19.wav
	audio/1-24524-B-19.wav
	audio/1-24524-C-19.wav
	audio/1-24796-A-47.wav
	audio/1-254507-A-43.wav
	audio/1-25777-A-48.wav
	audio/1-25781-A-48.wav
	audio/1-260640-A-2.wav
	audio/1-260640-B-2.wav
	audio/1-260640-C-2.wav
	audio/1-26143-A-21.wav
	audio/1-26176-A-43.wav
	audio/1-26177-A-43.wav
	audio/1-26188-A-30.wav
	audio/1-26222-A-10.wav
	audio/1-26806-A-1.wav
	audio/1-27165-A-35.wav
	audio/1-27166-A-35.wav
	audio/1-27403-A-28.wav
	audio/1-27405-A-28.wav
	audio/1-27724-A-1.wav
	audio/1-28005-A-18.wav
	audio/1-28135-A-11.wav
	audio/1-28135-B-11.wav
	audio/1-28808-A-43.wav
	audio/1-29532-A-16.wav
	audio/1-29561-A-10.wav
	audio/1-29680-A-21.wav
	audio/1-30039-A-26.wav
	audio/1-30043-A-26.wav
	audio/1-30214-A-18.wav
	audio/1-30226-A-0.wav
	audio/1-30344-A-0.wav
	audio/1-30709-A-23.wav
	audio/1-30709-B-23.wav
	audio/1-30709-C-23.wav
	audio/1-30830-A-24.wav
Aborting
Traceback (most recent call last):
  File "<frozen runpy>", line 198, in _run_module_as_main
  File "<frozen runpy>", line 88, in _run_code
  File "C:\Users\Admin\drone\hub\train_full_distress_model.py", line 95, in <module>
    if __name__=="__main__": raise SystemExit(main())
                                              ^^^^^^
  File "C:\Users\Admin\drone\hub\train_full_distress_model.py", line 66, in main
    prepare_main()
  File "C:\Users\Admin\drone\hub\prepare_full_dataset.py", line 70, in main
    crema=work/"crema-d-mirror"; esc=work/"ESC-50"; asvp=work/"ASVP_ESD"; ensure_git_repo(CREMA_URL,crema); ensure_git_repo(ESC50_URL,esc); ensure_asvp(asvp)
                                                                                                            ^^^^^^^^^^^^^^^^^^^^^^^^^^^^^^
  File "C:\Users\Admin\drone\hub\prepare_full_dataset.py", line 24, in ensure_git_repo
    if (target/".git").exists(): run(["git","-C",str(target),"pull","--ff-only"]); return
                                 ^^^^^^^^^^^^^^^^^^^^^^^^^^^^^^^^^^^^^^^^^^^^^^^^
  File "C:\Users\Admin\drone\hub\prepare_full_dataset.py", line 21, in run
    print("$"," ".join(cmd)); subprocess.run(cmd,cwd=str(cwd) if cwd else None,check=True)
                              ^^^^^^^^^^^^^^^^^^^^^^^^^^^^^^^^^^^^^^^^^^^^^^^^^^^^^^^^^^^^
  File "C:\Program Files\WindowsApps\PythonSoftwareFoundation.Python.3.11_3.11.2544.0_x64__qbz5n2kfra8p0\Lib\subprocess.py", line 571, in run
    raise CalledProcessError(retcode, process.args,
subprocess.CalledProcessError: Command '['git', '-C', 'C:\\Users\\Admin\\drone\\.cache\\audio-datasets\\ESC-50', 'pull', '--ff-only']' returned non-zero exit status 1.
